npx : FAIL src/valida
tion/schema-validator
.test.ts
At line:1 char:1
+ npx jest 
--no-coverage 
--verbose 2>&1 | 
Out-File -FilePath 
test-outpu ...
+ ~~~~~~~~~~~~~~~~~~~
~~~~~~~~~~~~~~~~~~
    + CategoryInfo   
           : NotSpe  
  cified: (FAIL sr   
 c/valida...lidat    
or.test.ts:Strin    
g) [], RemoteExc    
eption
    + FullyQualified 
   ErrorId : Native  
  CommandError
 
  ΓùÅ Test suite 
failed to run

    [96msrc/validati
on/schema-validator.t
est.ts[0m:[93m1[0m
:[93m33[0m - 
[91merror[0m[90m 
TS2307: [0mCannot 
find module '../schem
a-validator' or its 
corresponding type 
declarations.

    [7m1[0m import 
{ schemaValidator } 
from '../schema-valid
ator';
    [7m [0m [91m  
                     
         ~~~~~~~~~~~~
~~~~~~~~~[0m

Test Suites: 1 
failed, 1 total
Tests:       0 total
Snapshots:   0 total
Time:        1.403 s
Ran all test suites.
